<!DOCTYPE html><html><head><link rel=manifest href=manifest.json><link rel=manifest href=m.json?d947><link rel=manifest2 href=m-d947.json><style>
.base {
	color: red;
}


.grid {
	display: block;
}
</style><style>
.base{color:red}
.grid{display:block}
.app{margin:0 auto}
.logo{background:red}
</style></head><body><script>
var load=[(!window.PointerEvent||!navigator.sendBeacon)&&"0.js?5fea","b.js","min-0fa5e.js"]
</script><img src=data:image/svg+xml;base64,[data]><object type=image/svg+xml data=image.svg><img src=image.svg></object></body></html>