TestSuite 1 with fn
  ✔ 1. it should run first test 1.1 [3/3]
TestSuite 2 with map
  ✔ 2. Case 2.1 [1/1]
  ✔ 3. Case 2.2 [1/1]
  Nested Suite 2.3
    Case 2.3.1
    Case 2.3.2
  Nested Suite 2.4
    Case 2.4.1
    Case 2.4.2
  Case 2.5
TestSuite 3 env.1
  ✔ 4. it set up a env.1 [0/0]
  ✔ 5. it tests case ca1 [3/3]
  ✔ 6. it tests case ca2 [3/3]
TestSuite 3 env.2
  ✔ 7. it set up a env.2 [0/0]
  ✔ 8. it tests case ca1 [3/3]
  ✔ 9. it tests case ca2 [3/3]
TestSuite 4
  ✔ 10. it should run chained test 4.1 [1/1]
  ∅ 11. it supports a pending test 4.2
  ∅ 12. it _should skip test by name 4.3
1..12
# pass  12/12 [18/18]
# skip  2
