Tests
  ✘ 1. it should fail [0/1]
  ✘ 2. it should fail on timeout [0/0]
  ✘ 3. it should fail on wrong plan 1 [0/0]
  ✔ 4. it should fail on wrong plan 2 [1/1]
  ✔ 5. it should fail on multiple ends [0/0]
  ✔ 6. it should fail on assertion after end [0/0]
  ✔ 7. it should pass on promise resolve [1/1]
  ✘ 8. it should fail on promise reject [0/0]
ReferenceError: SOME_UNDEFINED_VALIABLE is not defined
  ✘ 9. it should fail on invalid test [0/0]
  ✘ 10. it should fail on invalid assertions [0/7]
Error: Unable to swap "prop"
  ✘ 11. it should fail on read-only swap [0/0]
  ✘ 12. it should handle an error without a stack [0/0]
  ✘ 13. it should handle an array as a stack [0/0]
---
  ✘ 13. it should handle an array as a stack [0/0]
Error: 1
---
  ✘ 12. it should handle an error without a stack [0/0]
Error
---
  ✘ 11. it should fail on read-only swap [0/0]
Error: Unable to swap "prop"
---
  ✘ 10. it should fail on invalid assertions [0/7]
Error: Assertion:1: equal
expected: undefined
actual:   undefined
Error: Assertion:2: equal
expected: "2"
actual:   <null>{"a":Circular,"toJSON":()}
Error: Assertion:3: equal
expected: /1/m
actual:   /1/
Error: Assertion:4: equal
expected: []
actual:   arguments[testCase(value,message,actual,expected),false]
Error: Assertion:5: equal
expected: [/1/,B(),{"a":Circular,"toJSON":()}]
actual:   [/1/,B{},<null>{"a":Circular,"toJSON":()}]
Error: Assertion:6: 0 is truthy
Error: Assertion:7: throws
expected: true
actual:   false
---
  ✘ 9. it should fail on invalid test [0/0]
ReferenceError: SOME_UNDEFINED_VALIABLE is not defined
---
  ✘ 8. it should fail on promise reject [0/0]
Error: Reject
---
  ✘ 4. it should fail on wrong plan 2 [2/2]
Error: assertion after end
Error: ended multiple times
---
  ✘ 6. it should fail on assertion after end [1/1]
Error: assertion after end
---
  ✘ 3. it should fail on wrong plan 1 [0/0]
Error: planned 1 actual 0
---
  ✘ 2. it should fail on timeout [0/0]
Error: TIMEOUT: 1ms
---
  ✘ 1. it should fail [0/1]
Error: Assertion:1: equal
expected: "aaaaaaaaaaaaaaaaaaaaaaaaaaaaaaaaaaaaaaaaaaaaaaaaaaaaaaaaaaaaaaaaaaaaaaaaaaaaaaaaaaaaaaaaaaaaaaaaaaaaaaaaaaaaaaaaaaaaaaaaaaaaaaaaaaaaaaaaaaaaaaaaaaaaaaaaaaaaaaaaaaaaaaaaaaaaaaaaaaaaaaaaaaaaaaaa"
actual:   ["aaaaaaaaaaaaaaaaaaaaaaaaaaaaaaaa","aaaaaaaaaaaaaaaaaaaaaaaaaaaaaaaa","aaaaaaaaaaaaaaaaaaaaaaaaaaaaaaaa","aaaaaaaaaaaaaaaaaaaaaaaaaaaaaaaa","aaaaaaaaaaaaaaaaaaaaaaaaaaaaaaaa","aaaaaaaaaaaaaaaaaaaaaaaaaaaaaaaa"]
...
# FAIL  tests 1, 2, 3, 6, 4, 8, 9, 10, 11, 12, 13
1..13
# pass  2/13 [2/10]
---
  ✘ 5. it should fail on multiple ends [0/0]
Error: ended multiple times
...
# FAIL  tests 5
1..13
# pass  1/13 [2/10]
