  [31m✘[0m it should fail #1 [0/1][0m
---[0m
  [31m✘[0m it should fail #1 [0/1][0m
Error: Assertion:1: equal
expected: "aaaaaaaaaaaaaaaaaaaaaaaaaaaaaaaaaaaaaaaaaaaaaaaaaaaaaaaaaaaaaaaaaaaaaaaaaaaaaaaaaaaaaaaaaaaaaaaaaaaaaaaaaaaaaaaaaaaaaaaaaaaaaaaaaaaaaaaaaaaaaaaaaaaaaaaaaaaaaaaaaaaaaaaaaaaaaaaaaaaaaaaaaaaaaaaa"
actual:   ["aaaaaaaaaaaaaaaaaaaaaaaaaaaaaaaa","aaaaaaaaaaaaaaaaaaaaaaaaaaaaaaaa","aaaaaaaaaaaaaaaaaaaaaaaaaaaaaaaa","aaaaaaaaaaaaaaaaaaaaaaaaaaaaaaaa","aaaaaaaaaaaaaaaaaaaaaaaaaaaaaaaa","aaaaaaaaaaaaaaaaaaaaaaaaaaaaaaaa"]
    at Function.<anonymous> (test/test-fail.js:7:9)
    at nextCase (test.js:276:20)
    at nextSuite (test.js:355:3)
    at Timeout.nextCase [as _onTimeout] (test.js:248:27)
    at listOnTimeout (node:internal/timers:564:17)
    at process.processTimers (node:internal/timers:507:7)[0m
...[0m
#[31m[1m FAIL  tests 1[0m
1..13
# pass  12/13 [0/1][0m
#[33m[1m skip  12[0m
