  [31m✘[0m 1. it should fail [0/1][0m
---[0m
  [31m✘[0m 1. it should fail [0/1][0m
Error: Assertion:1: equal
expected: "aaaaaaaaaaaaaaaaaaaaaaaaaaaaaaaaaaaaaaaaaaaaaaaaaaaaaaaaaaaaaaaaaaaaaaaaaaaaaaaaaaaaaaaaaaaaaaaaaaaaaaaaaaaaaaaaaaaaaaaaaaaaaaaaaaaaaaaaaaaaaaaaaaaaaaaaaaaaaaaaaaaaaaaaaaaaaaaaaaaaaaaaaaaaaaaa"
actual:   ["aaaaaaaaaaaaaaaaaaaaaaaaaaaaaaaa","aaaaaaaaaaaaaaaaaaaaaaaaaaaaaaaa","aaaaaaaaaaaaaaaaaaaaaaaaaaaaaaaa","aaaaaaaaaaaaaaaaaaaaaaaaaaaaaaaa","aaaaaaaaaaaaaaaaaaaaaaaaaaaaaaaa","aaaaaaaaaaaaaaaaaaaaaaaaaaaaaaaa"]
    at Function.<anonymous> (test/test-fail.js:7:9)
    at nextCase (test.js:282:19)
    at nextSuite (test.js:359:3)
    at Timeout.nextCase [as _onTimeout] (test.js:253:26)[0m
...[0m
#[31m[1m FAIL  tests 1[0m
1..13
# pass  12/13 [0/1][0m
#[33m[1m skip  12[0m
